15:03:54 **** Incremental Build of configuration Debug for project PWM_UART ****
make -j8 all 
arm-none-eabi-gcc "../Core/Src/main.c" -mcpu=cortex-m0 -std=gnu11 -g3 -DDEBUG -DUSE_HAL_DRIVER -DSTM32F030x6 -c -I../Core/Inc -I../Drivers/STM32F0xx_HAL_Driver/Inc -I../Drivers/STM32F0xx_HAL_Driver/Inc/Legacy -I../Drivers/CMSIS/Device/ST/STM32F0xx/Include -I../Drivers/CMSIS/Include -O0 -ffunction-sections -fdata-sections -Wall -fstack-usage -fcyclomatic-complexity -MMD -MP -MF"Core/Src/main.d" -MT"Core/Src/main.o" --specs=nano.specs -mfloat-abi=soft -mthumb -o "Core/Src/main.o"
../Core/Src/main.c: In function 'main':
../Core/Src/main.c:105:12: warning: unused variable 'duty' [-Wunused-variable]
  105 |   uint32_t duty = 0;   // Duty cycle inicial
      |            ^~~~
../Core/Src/main.c:104:12: warning: unused variable 'step' [-Wunused-variable]
  104 |   uint32_t step = 80;  // Incremento
      |            ^~~~
../Core/Src/main.c:103:12: warning: unused variable 'max_duty' [-Wunused-variable]
  103 |   uint32_t max_duty = __HAL_TIM_GET_AUTORELOAD(&htim3); // Valor máximo do ARR (555) - ARR armazena o valor máximo da contagem
      |            ^~~~~~~~
arm-none-eabi-gcc -o "PWM_UART.elf" @"objects.list"   -mcpu=cortex-m0 -T"C:\Users\USER\STM32CubeIDE\workspace_MM\PWM_UART\STM32F030F4PX_FLASH.ld" --specs=nosys.specs -Wl,-Map="PWM_UART.map" -Wl,--gc-sections -static --specs=nano.specs -mfloat-abi=soft -mthumb -Wl,--start-group -lc -lm -Wl,--end-group
Finished building target: PWM_UART.elf
 
arm-none-eabi-size  PWM_UART.elf 
arm-none-eabi-objdump -h -S PWM_UART.elf  > "PWM_UART.list"
   text	   data	    bss	    dec	    hex	filename
   9504	     12	   1716	  11232	   2be0	PWM_UART.elf
Finished building: default.size.stdout
 
Finished building: PWM_UART.list
 
15:06:19 **** Incremental Build of configuration Debug for project PWM_UART ****
make -j8 all 
arm-none-eabi-gcc "../Core/Src/main.c" -mcpu=cortex-m0 -std=gnu11 -g3 -DDEBUG -DUSE_HAL_DRIVER -DSTM32F030x6 -c -I../Core/Inc -I../Drivers/STM32F0xx_HAL_Driver/Inc -I../Drivers/STM32F0xx_HAL_Driver/Inc/Legacy -I../Drivers/CMSIS/Device/ST/STM32F0xx/Include -I../Drivers/CMSIS/Include -O0 -ffunction-sections -fdata-sections -Wall -fstack-usage -fcyclomatic-complexity -MMD -MP -MF"Core/Src/main.d" -MT"Core/Src/main.o" --specs=nano.specs -mfloat-abi=soft -mthumb -o "Core/Src/main.o"
arm-none-eabi-gcc -o "PWM_UART.elf" @"objects.list"   -mcpu=cortex-m0 -T"C:\Users\USER\STM32CubeIDE\workspace_MM\PWM_UART\STM32F030F4PX_FLASH.ld" --specs=nosys.specs -Wl,-Map="PWM_UART.map" -Wl,--gc-sections -static --specs=nano.specs -mfloat-abi=soft -mthumb -Wl,--start-group -lc -lm -Wl,--end-group
Finished building target: PWM_UART.elf
 
arm-none-eabi-size  PWM_UART.elf 
arm-none-eabi-objdump -h -S PWM_UART.elf  > "PWM_UART.list"
   text	   data	    bss	    dec	    hex	filename
   9488	     12	   1716	  11216	   2bd0	PWM_UART.elf
Finished building: default.size.stdout
 
Finished building: PWM_UART.list
 
15:09:06 **** Incremental Build of configuration Debug for project PWM_UART ****
make -j8 all 
arm-none-eabi-gcc "../Core/Src/main.c" -mcpu=cortex-m0 -std=gnu11 -g3 -DDEBUG -DUSE_HAL_DRIVER -DSTM32F030x6 -c -I../Core/Inc -I../Drivers/STM32F0xx_HAL_Driver/Inc -I../Drivers/STM32F0xx_HAL_Driver/Inc/Legacy -I../Drivers/CMSIS/Device/ST/STM32F0xx/Include -I../Drivers/CMSIS/Include -O0 -ffunction-sections -fdata-sections -Wall -fstack-usage -fcyclomatic-complexity -MMD -MP -MF"Core/Src/main.d" -MT"Core/Src/main.o" --specs=nano.specs -mfloat-abi=soft -mthumb -o "Core/Src/main.o"
arm-none-eabi-gcc -o "PWM_UART.elf" @"objects.list"   -mcpu=cortex-m0 -T"C:\Users\USER\STM32CubeIDE\workspace_MM\PWM_UART\STM32F030F4PX_FLASH.ld" --specs=nosys.specs -Wl,-Map="PWM_UART.map" -Wl,--gc-sections -static --specs=nano.specs -mfloat-abi=soft -mthumb -Wl,--start-group -lc -lm -Wl,--end-group
Finished building target: PWM_UART.elf
 
arm-none-eabi-size  PWM_UART.elf 
arm-none-eabi-objdump -h -S PWM_UART.elf  > "PWM_UART.list"
   text	   data	    bss	    dec	    hex	filename
   9512	     12	   1716	  11240	   2be8	PWM_UART.elf
Finished building: default.size.stdout
 
Finished building: PWM_UART.list
 
15:09:51 **** Incremental Build of configuration Debug for project PWM_UART ****
make -j8 all 
arm-none-eabi-gcc "../Core/Src/main.c" -mcpu=cortex-m0 -std=gnu11 -g3 -DDEBUG -DUSE_HAL_DRIVER -DSTM32F030x6 -c -I../Core/Inc -I../Drivers/STM32F0xx_HAL_Driver/Inc -I../Drivers/STM32F0xx_HAL_Driver/Inc/Legacy -I../Drivers/CMSIS/Device/ST/STM32F0xx/Include -I../Drivers/CMSIS/Include -O0 -ffunction-sections -fdata-sections -Wall -fstack-usage -fcyclomatic-complexity -MMD -MP -MF"Core/Src/main.d" -MT"Core/Src/main.o" --specs=nano.specs -mfloat-abi=soft -mthumb -o "Core/Src/main.o"
arm-none-eabi-gcc -o "PWM_UART.elf" @"objects.list"   -mcpu=cortex-m0 -T"C:\Users\USER\STM32CubeIDE\workspace_MM\PWM_UART\STM32F030F4PX_FLASH.ld" --specs=nosys.specs -Wl,-Map="PWM_UART.map" -Wl,--gc-sections -static --specs=nano.specs -mfloat-abi=soft -mthumb -Wl,--start-group -lc -lm -Wl,--end-group
Finished building target: PWM_UART.elf
 
arm-none-eabi-size  PWM_UART.elf 
arm-none-eabi-objdump -h -S PWM_UART.elf  > "PWM_UART.list"
   text	   data	    bss	    dec	    hex	filename
   9916	     12	   1716	  11644	   2d7c	PWM_UART.elf
Finished building: default.size.stdout
 
Finished building: PWM_UART.list
 
15:10:57 **** Incremental Build of configuration Debug for project PWM_UART ****
make -j8 all 
arm-none-eabi-gcc "../Core/Src/main.c" -mcpu=cortex-m0 -std=gnu11 -g3 -DDEBUG -DUSE_HAL_DRIVER -DSTM32F030x6 -c -I../Core/Inc -I../Drivers/STM32F0xx_HAL_Driver/Inc -I../Drivers/STM32F0xx_HAL_Driver/Inc/Legacy -I../Drivers/CMSIS/Device/ST/STM32F0xx/Include -I../Drivers/CMSIS/Include -O0 -ffunction-sections -fdata-sections -Wall -fstack-usage -fcyclomatic-complexity -MMD -MP -MF"Core/Src/main.d" -MT"Core/Src/main.o" --specs=nano.specs -mfloat-abi=soft -mthumb -o "Core/Src/main.o"
arm-none-eabi-gcc -o "PWM_UART.elf" @"objects.list"   -mcpu=cortex-m0 -T"C:\Users\USER\STM32CubeIDE\workspace_MM\PWM_UART\STM32F030F4PX_FLASH.ld" --specs=nosys.specs -Wl,-Map="PWM_UART.map" -Wl,--gc-sections -static --specs=nano.specs -mfloat-abi=soft -mthumb -Wl,--start-group -lc -lm -Wl,--end-group
Finished building target: PWM_UART.elf
 
arm-none-eabi-size  PWM_UART.elf 
arm-none-eabi-objdump -h -S PWM_UART.elf  > "PWM_UART.list"
   text	   data	    bss	    dec	    hex	filename
   9984	     12	   1716	  11712	   2dc0	PWM_UART.elf
Finished building: default.size.stdout
 
Finished building: PWM_UART.list
 
15:11:07 **** Incremental Build of configuration Debug for project PWM_UART ****
make -j8 all 
arm-none-eabi-size  PWM_UART.elf 
   text	   data	    bss	    dec	    hex	filename
   9984	     12	   1716	  11712	   2dc0	PWM_UART.elf
Finished building: default.size.stdout
 
15:12:56 **** Incremental Build of configuration Debug for project PWM_UART ****
make -j8 all 
arm-none-eabi-size  PWM_UART.elf 
   text	   data	    bss	    dec	    hex	filename
   9984	     12	   1716	  11712	   2dc0	PWM_UART.elf
Finished building: default.size.stdout
 
15:13:46 **** Incremental Build of configuration Debug for project PWM_UART ****
make -j8 all 
arm-none-eabi-gcc "../Core/Src/main.c" -mcpu=cortex-m0 -std=gnu11 -g3 -DDEBUG -DUSE_HAL_DRIVER -DSTM32F030x6 -c -I../Core/Inc -I../Drivers/STM32F0xx_HAL_Driver/Inc -I../Drivers/STM32F0xx_HAL_Driver/Inc/Legacy -I../Drivers/CMSIS/Device/ST/STM32F0xx/Include -I../Drivers/CMSIS/Include -O0 -ffunction-sections -fdata-sections -Wall -fstack-usage -fcyclomatic-complexity -MMD -MP -MF"Core/Src/main.d" -MT"Core/Src/main.o" --specs=nano.specs -mfloat-abi=soft -mthumb -o "Core/Src/main.o"
arm-none-eabi-gcc -o "PWM_UART.elf" @"objects.list"   -mcpu=cortex-m0 -T"C:\Users\USER\STM32CubeIDE\workspace_MM\PWM_UART\STM32F030F4PX_FLASH.ld" --specs=nosys.specs -Wl,-Map="PWM_UART.map" -Wl,--gc-sections -static --specs=nano.specs -mfloat-abi=soft -mthumb -Wl,--start-group -lc -lm -Wl,--end-group
Finished building target: PWM_UART.elf
 
arm-none-eabi-size  PWM_UART.elf 
arm-none-eabi-objdump -h -S PWM_UART.elf  > "PWM_UART.list"
   text	   data	    bss	    dec	    hex	filename
   9992	     12	   1716	  11720	   2dc8	PWM_UART.elf
Finished building: default.size.stdout
 
Finished building: PWM_UART.list
 
15:14:45 **** Incremental Build of configuration Debug for project PWM_UART ****
make -j8 all 
arm-none-eabi-size  PWM_UART.elf 
   text	   data	    bss	    dec	    hex	filename
   9992	     12	   1716	  11720	   2dc8	PWM_UART.elf
Finished building: default.size.stdout
 
15:29:49 **** Incremental Build of configuration Debug for project PWM_UART ****
make -j8 all 
arm-none-eabi-gcc "../Core/Src/main.c" -mcpu=cortex-m0 -std=gnu11 -g3 -DDEBUG -DUSE_HAL_DRIVER -DSTM32F030x6 -c -I../Core/Inc -I../Drivers/STM32F0xx_HAL_Driver/Inc -I../Drivers/STM32F0xx_HAL_Driver/Inc/Legacy -I../Drivers/CMSIS/Device/ST/STM32F0xx/Include -I../Drivers/CMSIS/Include -O0 -ffunction-sections -fdata-sections -Wall -fstack-usage -fcyclomatic-complexity -MMD -MP -MF"Core/Src/main.d" -MT"Core/Src/main.o" --specs=nano.specs -mfloat-abi=soft -mthumb -o "Core/Src/main.o"
arm-none-eabi-gcc -o "PWM_UART.elf" @"objects.list"   -mcpu=cortex-m0 -T"C:\Users\USER\STM32CubeIDE\workspace_MM\PWM_UART\STM32F030F4PX_FLASH.ld" --specs=nosys.specs -Wl,-Map="PWM_UART.map" -Wl,--gc-sections -static --specs=nano.specs -mfloat-abi=soft -mthumb -Wl,--start-group -lc -lm -Wl,--end-group
Finished building target: PWM_UART.elf
 
arm-none-eabi-size  PWM_UART.elf 
arm-none-eabi-objdump -h -S PWM_UART.elf  > "PWM_UART.list"
   text	   data	    bss	    dec	    hex	filename
   9992	     12	   1716	  11720	   2dc8	PWM_UART.elf
Finished building: default.size.stdout
 
Finished building: PWM_UART.list
 
15:31:05 **** Incremental Build of configuration Debug for project PWM_UART ****
make -j8 all 
arm-none-eabi-gcc "../Core/Src/main.c" -mcpu=cortex-m0 -std=gnu11 -g3 -DDEBUG -DUSE_HAL_DRIVER -DSTM32F030x6 -c -I../Core/Inc -I../Drivers/STM32F0xx_HAL_Driver/Inc -I../Drivers/STM32F0xx_HAL_Driver/Inc/Legacy -I../Drivers/CMSIS/Device/ST/STM32F0xx/Include -I../Drivers/CMSIS/Include -O0 -ffunction-sections -fdata-sections -Wall -fstack-usage -fcyclomatic-complexity -MMD -MP -MF"Core/Src/main.d" -MT"Core/Src/main.o" --specs=nano.specs -mfloat-abi=soft -mthumb -o "Core/Src/main.o"
../Core/Src/main.c: In function 'main':
../Core/Src/main.c:105:12: warning: unused variable 'duty' [-Wunused-variable]
  105 |   uint32_t duty = 0;   // Duty cycle inicial
      |            ^~~~
../Core/Src/main.c:104:12: warning: unused variable 'step' [-Wunused-variable]
  104 |   uint32_t step = 80;  // Incremento
      |            ^~~~
../Core/Src/main.c:103:12: warning: unused variable 'max_duty' [-Wunused-variable]
  103 |   uint32_t max_duty = __HAL_TIM_GET_AUTORELOAD(&htim3); // Valor máximo do ARR (555) - ARR armazena o valor máximo da contagem
      |            ^~~~~~~~
arm-none-eabi-gcc -o "PWM_UART.elf" @"objects.list"   -mcpu=cortex-m0 -T"C:\Users\USER\STM32CubeIDE\workspace_MM\PWM_UART\STM32F030F4PX_FLASH.ld" --specs=nosys.specs -Wl,-Map="PWM_UART.map" -Wl,--gc-sections -static --specs=nano.specs -mfloat-abi=soft -mthumb -Wl,--start-group -lc -lm -Wl,--end-group
Finished building target: PWM_UART.elf
 
arm-none-eabi-size  PWM_UART.elf 
arm-none-eabi-objdump -h -S PWM_UART.elf  > "PWM_UART.list"
   text	   data	    bss	    dec	    hex	filename
   9592	     12	   1716	  11320	   2c38	PWM_UART.elf
Finished building: default.size.stdout
 
Finished building: PWM_UART.list
 
15:34:17 **** Incremental Build of configuration Debug for project PWM_UART ****
make -j8 all 
arm-none-eabi-gcc "../Core/Src/main.c" -mcpu=cortex-m0 -std=gnu11 -g3 -DDEBUG -DUSE_HAL_DRIVER -DSTM32F030x6 -c -I../Core/Inc -I../Drivers/STM32F0xx_HAL_Driver/Inc -I../Drivers/STM32F0xx_HAL_Driver/Inc/Legacy -I../Drivers/CMSIS/Device/ST/STM32F0xx/Include -I../Drivers/CMSIS/Include -O0 -ffunction-sections -fdata-sections -Wall -fstack-usage -fcyclomatic-complexity -MMD -MP -MF"Core/Src/main.d" -MT"Core/Src/main.o" --specs=nano.specs -mfloat-abi=soft -mthumb -o "Core/Src/main.o"
../Core/Src/main.c: In function 'main':
../Core/Src/main.c:105:12: warning: unused variable 'duty' [-Wunused-variable]
  105 |   uint32_t duty = 0;   // Duty cycle inicial
      |            ^~~~
../Core/Src/main.c:104:12: warning: unused variable 'step' [-Wunused-variable]
  104 |   uint32_t step = 80;  // Incremento
      |            ^~~~
../Core/Src/main.c:103:12: warning: unused variable 'max_duty' [-Wunused-variable]
  103 |   uint32_t max_duty = __HAL_TIM_GET_AUTORELOAD(&htim3); // Valor máximo do ARR (555) - ARR armazena o valor máximo da contagem
      |            ^~~~~~~~
arm-none-eabi-gcc -o "PWM_UART.elf" @"objects.list"   -mcpu=cortex-m0 -T"C:\Users\USER\STM32CubeIDE\workspace_MM\PWM_UART\STM32F030F4PX_FLASH.ld" --specs=nosys.specs -Wl,-Map="PWM_UART.map" -Wl,--gc-sections -static --specs=nano.specs -mfloat-abi=soft -mthumb -Wl,--start-group -lc -lm -Wl,--end-group
Finished building target: PWM_UART.elf
 
arm-none-eabi-size  PWM_UART.elf 
arm-none-eabi-objdump -h -S PWM_UART.elf  > "PWM_UART.list"
   text	   data	    bss	    dec	    hex	filename
   9592	     12	   1716	  11320	   2c38	PWM_UART.elf
Finished building: default.size.stdout
 
Finished building: PWM_UART.list
 
15:38:26 **** Incremental Build of configuration Debug for project PWM_UART ****
make -j8 all 
arm-none-eabi-gcc "../Core/Src/main.c" -mcpu=cortex-m0 -std=gnu11 -g3 -DDEBUG -DUSE_HAL_DRIVER -DSTM32F030x6 -c -I../Core/Inc -I../Drivers/STM32F0xx_HAL_Driver/Inc -I../Drivers/STM32F0xx_HAL_Driver/Inc/Legacy -I../Drivers/CMSIS/Device/ST/STM32F0xx/Include -I../Drivers/CMSIS/Include -O0 -ffunction-sections -fdata-sections -Wall -fstack-usage -fcyclomatic-complexity -MMD -MP -MF"Core/Src/main.d" -MT"Core/Src/main.o" --specs=nano.specs -mfloat-abi=soft -mthumb -o "Core/Src/main.o"
../Core/Src/main.c: In function 'main':
../Core/Src/main.c:105:12: warning: unused variable 'duty' [-Wunused-variable]
  105 |   uint32_t duty = 0;   // Duty cycle inicial
      |            ^~~~
../Core/Src/main.c:104:12: warning: unused variable 'step' [-Wunused-variable]
  104 |   uint32_t step = 80;  // Incremento
      |            ^~~~
../Core/Src/main.c:103:12: warning: unused variable 'max_duty' [-Wunused-variable]
  103 |   uint32_t max_duty = __HAL_TIM_GET_AUTORELOAD(&htim3); // Valor máximo do ARR (555) - ARR armazena o valor máximo da contagem
      |            ^~~~~~~~
arm-none-eabi-gcc -o "PWM_UART.elf" @"objects.list"   -mcpu=cortex-m0 -T"C:\Users\USER\STM32CubeIDE\workspace_MM\PWM_UART\STM32F030F4PX_FLASH.ld" --specs=nosys.specs -Wl,-Map="PWM_UART.map" -Wl,--gc-sections -static --specs=nano.specs -mfloat-abi=soft -mthumb -Wl,--start-group -lc -lm -Wl,--end-group
Finished building target: PWM_UART.elf
 
arm-none-eabi-size  PWM_UART.elf 
arm-none-eabi-objdump -h -S PWM_UART.elf  > "PWM_UART.list"
   text	   data	    bss	    dec	    hex	filename
   9592	     12	   1716	  11320	   2c38	PWM_UART.elf
Finished building: default.size.stdout
 
Finished building: PWM_UART.list
 
15:43:34 **** Incremental Build of configuration Debug for project PWM_UART ****
make -j8 all 
arm-none-eabi-gcc "../Core/Src/main.c" -mcpu=cortex-m0 -std=gnu11 -g3 -DDEBUG -DUSE_HAL_DRIVER -DSTM32F030x6 -c -I../Core/Inc -I../Drivers/STM32F0xx_HAL_Driver/Inc -I../Drivers/STM32F0xx_HAL_Driver/Inc/Legacy -I../Drivers/CMSIS/Device/ST/STM32F0xx/Include -I../Drivers/CMSIS/Include -O0 -ffunction-sections -fdata-sections -Wall -fstack-usage -fcyclomatic-complexity -MMD -MP -MF"Core/Src/main.d" -MT"Core/Src/main.o" --specs=nano.specs -mfloat-abi=soft -mthumb -o "Core/Src/main.o"
arm-none-eabi-gcc -o "PWM_UART.elf" @"objects.list"   -mcpu=cortex-m0 -T"C:\Users\USER\STM32CubeIDE\workspace_MM\PWM_UART\STM32F030F4PX_FLASH.ld" --specs=nosys.specs -Wl,-Map="PWM_UART.map" -Wl,--gc-sections -static --specs=nano.specs -mfloat-abi=soft -mthumb -Wl,--start-group -lc -lm -Wl,--end-group
Finished building target: PWM_UART.elf
 
arm-none-eabi-size  PWM_UART.elf 
arm-none-eabi-objdump -h -S PWM_UART.elf  > "PWM_UART.list"
   text	   data	    bss	    dec	    hex	filename
   9924	     12	   1716	  11652	   2d84	PWM_UART.elf
Finished building: default.size.stdout
 
Finished building: PWM_UART.list
 
