13:30:35 **** Build of configuration Debug for project LED_BLINK ****
make -j8 all 
arm-none-eabi-gcc "../Core/Src/main.c" -mcpu=cortex-m0 -std=gnu11 -g3 -DDEBUG -DUSE_HAL_DRIVER -DSTM32F030x6 -c -I../Core/Inc -I../Drivers/STM32F0xx_HAL_Driver/Inc -I../Drivers/STM32F0xx_HAL_Driver/Inc/Legacy -I../Drivers/CMSIS/Device/ST/STM32F0xx/Include -I../Drivers/CMSIS/Include -O0 -ffunction-sections -fdata-sections -Wall -fstack-usage -fcyclomatic-complexity -MMD -MP -MF"Core/Src/main.d" -MT"Core/Src/main.o" --specs=nano.specs -mfloat-abi=soft -mthumb -o "Core/Src/main.o"
arm-none-eabi-gcc -o "LED_BLINK.elf" @"objects.list"   -mcpu=cortex-m0 -T"C:\Users\USER\STM32CubeIDE\workspace_MM\LED_BLINK\STM32F030F4PX_FLASH.ld" --specs=nosys.specs -Wl,-Map="LED_BLINK.map" -Wl,--gc-sections -static --specs=nano.specs -mfloat-abi=soft -mthumb -Wl,--start-group -lc -lm -Wl,--end-group
Finished building target: LED_BLINK.elf
 
arm-none-eabi-size  LED_BLINK.elf 
arm-none-eabi-objdump -h -S LED_BLINK.elf  > "LED_BLINK.list"
   text	   data	    bss	    dec	    hex	filename
   4840	     12	   1572	   6424	   1918	LED_BLINK.elf
Finished building: default.size.stdout
 
Finished building: LED_BLINK.list
 
13:31:59 **** Incremental Build of configuration Debug for project LED_BLINK ****
make -j8 all 
arm-none-eabi-gcc "../Core/Src/main.c" -mcpu=cortex-m0 -std=gnu11 -g3 -DDEBUG -DUSE_HAL_DRIVER -DSTM32F030x6 -c -I../Core/Inc -I../Drivers/STM32F0xx_HAL_Driver/Inc -I../Drivers/STM32F0xx_HAL_Driver/Inc/Legacy -I../Drivers/CMSIS/Device/ST/STM32F0xx/Include -I../Drivers/CMSIS/Include -O0 -ffunction-sections -fdata-sections -Wall -fstack-usage -fcyclomatic-complexity -MMD -MP -MF"Core/Src/main.d" -MT"Core/Src/main.o" --specs=nano.specs -mfloat-abi=soft -mthumb -o "Core/Src/main.o"
arm-none-eabi-gcc -o "LED_BLINK.elf" @"objects.list"   -mcpu=cortex-m0 -T"C:\Users\USER\STM32CubeIDE\workspace_MM\LED_BLINK\STM32F030F4PX_FLASH.ld" --specs=nosys.specs -Wl,-Map="LED_BLINK.map" -Wl,--gc-sections -static --specs=nano.specs -mfloat-abi=soft -mthumb -Wl,--start-group -lc -lm -Wl,--end-group
Finished building target: LED_BLINK.elf
 
arm-none-eabi-size  LED_BLINK.elf 
arm-none-eabi-objdump -h -S LED_BLINK.elf  > "LED_BLINK.list"
   text	   data	    bss	    dec	    hex	filename
   4840	     12	   1572	   6424	   1918	LED_BLINK.elf
Finished building: default.size.stdout
 
Finished building: LED_BLINK.list
 
13:32:14 **** Incremental Build of configuration Debug for project LED_BLINK ****
make -j8 all 
arm-none-eabi-size  LED_BLINK.elf 
   text	   data	    bss	    dec	    hex	filename
   4840	     12	   1572	   6424	   1918	LED_BLINK.elf
Finished building: default.size.stdout
 
13:33:57 **** Incremental Build of configuration Debug for project LED_BLINK ****
make -j8 all 
arm-none-eabi-size  LED_BLINK.elf 
   text	   data	    bss	    dec	    hex	filename
   4840	     12	   1572	   6424	   1918	LED_BLINK.elf
Finished building: default.size.stdout
 
13:35:15 **** Incremental Build of configuration Debug for project LED_BLINK ****
make -j8 all 
arm-none-eabi-gcc "../Core/Src/main.c" -mcpu=cortex-m0 -std=gnu11 -g3 -DDEBUG -DUSE_HAL_DRIVER -DSTM32F030x6 -c -I../Core/Inc -I../Drivers/STM32F0xx_HAL_Driver/Inc -I../Drivers/STM32F0xx_HAL_Driver/Inc/Legacy -I../Drivers/CMSIS/Device/ST/STM32F0xx/Include -I../Drivers/CMSIS/Include -O0 -ffunction-sections -fdata-sections -Wall -fstack-usage -fcyclomatic-complexity -MMD -MP -MF"Core/Src/main.d" -MT"Core/Src/main.o" --specs=nano.specs -mfloat-abi=soft -mthumb -o "Core/Src/main.o"
arm-none-eabi-gcc -o "LED_BLINK.elf" @"objects.list"   -mcpu=cortex-m0 -T"C:\Users\USER\STM32CubeIDE\workspace_MM\LED_BLINK\STM32F030F4PX_FLASH.ld" --specs=nosys.specs -Wl,-Map="LED_BLINK.map" -Wl,--gc-sections -static --specs=nano.specs -mfloat-abi=soft -mthumb -Wl,--start-group -lc -lm -Wl,--end-group
Finished building target: LED_BLINK.elf
 
arm-none-eabi-size  LED_BLINK.elf 
arm-none-eabi-objdump -h -S LED_BLINK.elf  > "LED_BLINK.list"
   text	   data	    bss	    dec	    hex	filename
   4772	     12	   1572	   6356	   18d4	LED_BLINK.elf
Finished building: default.size.stdout
 
Finished building: LED_BLINK.list
 
13:37:04 **** Incremental Build of configuration Debug for project LED_BLINK ****
make -j8 all 
arm-none-eabi-gcc "../Core/Src/main.c" -mcpu=cortex-m0 -std=gnu11 -g3 -DDEBUG -DUSE_HAL_DRIVER -DSTM32F030x6 -c -I../Core/Inc -I../Drivers/STM32F0xx_HAL_Driver/Inc -I../Drivers/STM32F0xx_HAL_Driver/Inc/Legacy -I../Drivers/CMSIS/Device/ST/STM32F0xx/Include -I../Drivers/CMSIS/Include -O0 -ffunction-sections -fdata-sections -Wall -fstack-usage -fcyclomatic-complexity -MMD -MP -MF"Core/Src/main.d" -MT"Core/Src/main.o" --specs=nano.specs -mfloat-abi=soft -mthumb -o "Core/Src/main.o"
arm-none-eabi-gcc -o "LED_BLINK.elf" @"objects.list"   -mcpu=cortex-m0 -T"C:\Users\USER\STM32CubeIDE\workspace_MM\LED_BLINK\STM32F030F4PX_FLASH.ld" --specs=nosys.specs -Wl,-Map="LED_BLINK.map" -Wl,--gc-sections -static --specs=nano.specs -mfloat-abi=soft -mthumb -Wl,--start-group -lc -lm -Wl,--end-group
Finished building target: LED_BLINK.elf
 
arm-none-eabi-size  LED_BLINK.elf 
arm-none-eabi-objdump -h -S LED_BLINK.elf  > "LED_BLINK.list"
   text	   data	    bss	    dec	    hex	filename
   4768	     12	   1572	   6352	   18d0	LED_BLINK.elf
Finished building: default.size.stdout
 
Finished building: LED_BLINK.list
 
13:38:15 **** Incremental Build of configuration Debug for project LED_BLINK ****
make -j8 all 
arm-none-eabi-gcc "../Core/Src/main.c" -mcpu=cortex-m0 -std=gnu11 -g3 -DDEBUG -DUSE_HAL_DRIVER -DSTM32F030x6 -c -I../Core/Inc -I../Drivers/STM32F0xx_HAL_Driver/Inc -I../Drivers/STM32F0xx_HAL_Driver/Inc/Legacy -I../Drivers/CMSIS/Device/ST/STM32F0xx/Include -I../Drivers/CMSIS/Include -O0 -ffunction-sections -fdata-sections -Wall -fstack-usage -fcyclomatic-complexity -MMD -MP -MF"Core/Src/main.d" -MT"Core/Src/main.o" --specs=nano.specs -mfloat-abi=soft -mthumb -o "Core/Src/main.o"
arm-none-eabi-gcc -o "LED_BLINK.elf" @"objects.list"   -mcpu=cortex-m0 -T"C:\Users\USER\STM32CubeIDE\workspace_MM\LED_BLINK\STM32F030F4PX_FLASH.ld" --specs=nosys.specs -Wl,-Map="LED_BLINK.map" -Wl,--gc-sections -static --specs=nano.specs -mfloat-abi=soft -mthumb -Wl,--start-group -lc -lm -Wl,--end-group
Finished building target: LED_BLINK.elf
 
arm-none-eabi-size  LED_BLINK.elf 
arm-none-eabi-objdump -h -S LED_BLINK.elf  > "LED_BLINK.list"
   text	   data	    bss	    dec	    hex	filename
   4768	     12	   1572	   6352	   18d0	LED_BLINK.elf
Finished building: default.size.stdout
 
Finished building: LED_BLINK.list
 
13:39:24 **** Incremental Build of configuration Debug for project LED_BLINK ****
make -j8 all 
arm-none-eabi-size  LED_BLINK.elf 
   text	   data	    bss	    dec	    hex	filename
   4768	     12	   1572	   6352	   18d0	LED_BLINK.elf
Finished building: default.size.stdout
 
13:39:55 **** Incremental Build of configuration Debug for project LED_BLINK ****
make -j8 all 
arm-none-eabi-size  LED_BLINK.elf 
   text	   data	    bss	    dec	    hex	filename
   4768	     12	   1572	   6352	   18d0	LED_BLINK.elf
Finished building: default.size.stdout
 
